N=2421; groups: {np.int64(1): np.int64(14), np.int64(2): np.int64(1), np.int64(3): np.int64(35), np.int64(4): np.int64(106), np.int64(5): np.int64(1644), np.int64(6): np.int64(608), np.int64(7): np.int64(13)}

[T1] baseline narrow-bin drift; robustness to bin width
  w=0.03: nbins=14 <gamma>=0.580+-0.012 chi2c/dof=25.0/13 (p=0.023) | m=-0.0562+-0.0193 (-2.9sig)
  w=0.04: nbins=12 <gamma>=0.572+-0.011 chi2c/dof=23.9/11 (p=0.013) | m=-0.0361+-0.0162 (-2.2sig)
  w=0.05: nbins=10 <gamma>=0.583+-0.012 chi2c/dof=18.9/9 (p=0.026) | m=-0.0428+-0.0164 (-2.6sig)
  w=0.07: nbins=8 <gamma>=0.586+-0.011 chi2c/dof=33.9/7 (p=0.000) | m=-0.0698+-0.0146 (-4.8sig)
  w=0.1: nbins=5 <gamma>=0.589+-0.013 chi2c/dof=18.1/4 (p=0.001) | m=-0.0648+-0.0193 (-3.4sig)

[T2] collinearity: per-bin <logL_UV> vs z
  corr(z,<logL_UV>) across bins = 0.980; corr(gamma,z)=-0.583; corr(gamma,<L>)=-0.674

[T3] fixed L_UV window (needs fiducial cosmology only to define the window)
  window 30.0-31.0: N=1370
  window 30.0-31.0: nbins=6 <gamma>=0.579+-0.023 chi2c/dof=12.0/5 (p=0.035) | m=-0.1418+-0.0475 (-3.0sig)
  window 29.8-31.2: N=1752
  window 29.8-31.2: nbins=6 <gamma>=0.552+-0.019 chi2c/dof=16.4/5 (p=0.006) | m=-0.1103+-0.0370 (-3.0sig)
  window 30.2-30.8: N=865
  window 30.2-30.8: nbins=5 <gamma>=0.696+-0.042 chi2c/dof=16.0/4 (p=0.003) | m=-0.3457+-0.0959 (-3.6sig)

[T4] quadratic term q in logLx = g u + q u^2 + b, u=logL_UV-30 (fiducial cosmology; robustness to Om)
  Om=0.25: gamma@30=0.6785  q=-0.0086+-0.0075 (-1.1sig)  delta=0.230
  Om=0.315: gamma@30=0.6716  q=-0.0080+-0.0074 (-1.1sig)  delta=0.230
  Om=0.4: gamma@30=0.6644  q=-0.0071+-0.0086 (-0.8sig)  delta=0.229
  cosmology-free curvature in individual narrow bins:
    <z>=1.02 N=320 gamma=0.608 q=0.065+-0.055
    <z>=1.26 N=313 gamma=0.535 q=-0.012+-0.042
    <z>=1.55 N=326 gamma=0.632 q=0.109+-0.057
    <z>=1.86 N=281 gamma=0.489 q=0.027+-0.075

[T5] X-ray photon index: does gamma depend on Gamma_X, and does <Gamma_X> drift with z?
  Gamma_X available for 2421; median=2.175
  Spearman(z,Gamma_X)=0.144 p=9.39e-13
  soft Gamma_X>=median: nbins=7 <gamma>=0.594+-0.014 chi2c/dof=9.6/6 (p=0.144) | m=-0.0519+-0.0212 (-2.5sig)
  hard Gamma_X<median: nbins=7 <gamma>=0.578+-0.016 chi2c/dof=24.1/6 (p=0.000) | m=-0.0645+-0.0217 (-3.0sig)
  residual slope d(resid)/d(Gamma_X) pooled over narrow bins:
    slope=-0.3131+-0.0191 dex per unit Gamma_X (p=2.71e-57), N=2279

[T6] homogeneity: group 5 (SDSS-4XMM main) only vs all
  group5 N=1644, z range 0.13-3.41
  group5 only: nbins=10 <gamma>=0.576+-0.014 chi2c/dof=9.5/9 (p=0.392) | m=-0.0456+-0.0199 (-2.3sig)
  groups 5+6: nbins=10 <gamma>=0.576+-0.012 chi2c/dof=15.5/9 (p=0.079) | m=-0.0406+-0.0169 (-2.4sig)

[T7] distance-modulus bias budget: dmu = 5*dgamma*dB/(2(1-gamma))
  z=0.36 dB=-0.11 best dmu=+0.010 mag (+0.5% D_L)
  z=0.52 dB=-0.07 best dmu=+0.009 mag (+0.4% D_L)
  z=0.70 dB=+0.16 best dmu=-0.030 mag (-1.4% D_L)
  z=0.91 dB=+0.37 best dmu=-0.087 mag (-3.9% D_L)
  z=1.13 dB=+0.57 best dmu=-0.166 mag (-7.4% D_L)
  z=1.40 dB=+0.80 best dmu=-0.286 mag (-12.4% D_L)
  z=1.67 dB=+0.97 best dmu=-0.418 mag (-17.5% D_L)
  z=2.00 dB=+1.08 best dmu=-0.557 mag (-22.6% D_L)
  z=2.37 dB=+1.22 best dmu=-0.742 mag (-28.9% D_L)
  z=2.76 dB=+1.41 best dmu=-1.002 mag (-37.0% D_L)
  lever arm at z~2: dB=1.08 dex. sigma_m for 2% D_L at z=2: 0.0033

saved analysis3_results.json
EXIT=0
